<?xml version="1.0" encoding="ISO-8859-1" ?>
<link_info>
   <banner>TI ARM Linker PC v18.1.2.LTS</banner>
   <copyright>Copyright (c) 1996-2017 Texas Instruments Incorporated</copyright>
   <link_time>0x5f5a49a3</link_time>
   <link_errors>0x0</link_errors>
   <output_file>BQ79616_Sample_Code.out</output_file>
   <entry_point>
      <name>_c_int00</name>
      <address>0x962c</address>
   </entry_point>
   <input_file_list>
      <input_file id="fl-2">
         <path>.\source\</path>
         <kind>object</kind>
         <file>bq79616.obj</file>
         <name>bq79616.obj</name>
      </input_file>
      <input_file id="fl-3">
         <path>.\source\</path>
         <kind>object</kind>
         <file>dabort.obj</file>
         <name>dabort.obj</name>
      </input_file>
      <input_file id="fl-4">
         <path>.\source\</path>
         <kind>object</kind>
         <file>esm.obj</file>
         <name>esm.obj</name>
      </input_file>
      <input_file id="fl-5">
         <path>.\source\</path>
         <kind>object</kind>
         <file>gio.obj</file>
         <name>gio.obj</name>
      </input_file>
      <input_file id="fl-6">
         <path>.\source\</path>
         <kind>object</kind>
         <file>notification.obj</file>
         <name>notification.obj</name>
      </input_file>
      <input_file id="fl-7">
         <path>.\source\</path>
         <kind>object</kind>
         <file>pinmux.obj</file>
         <name>pinmux.obj</name>
      </input_file>
      <input_file id="fl-8">
         <path>.\source\</path>
         <kind>object</kind>
         <file>rti.obj</file>
         <name>rti.obj</name>
      </input_file>
      <input_file id="fl-9">
         <path>.\source\</path>
         <kind>object</kind>
         <file>sci.obj</file>
         <name>sci.obj</name>
      </input_file>
      <input_file id="fl-a">
         <path>.\source\</path>
         <kind>object</kind>
         <file>sys_core.obj</file>
         <name>sys_core.obj</name>
      </input_file>
      <input_file id="fl-b">
         <path>.\source\</path>
         <kind>object</kind>
         <file>sys_dma.obj</file>
         <name>sys_dma.obj</name>
      </input_file>
      <input_file id="fl-c">
         <path>.\source\</path>
         <kind>object</kind>
         <file>sys_intvecs.obj</file>
         <name>sys_intvecs.obj</name>
      </input_file>
      <input_file id="fl-d">
         <path>.\source\</path>
         <kind>object</kind>
         <file>sys_main.obj</file>
         <name>sys_main.obj</name>
      </input_file>
      <input_file id="fl-e">
         <path>.\source\</path>
         <kind>object</kind>
         <file>sys_mpu.obj</file>
         <name>sys_mpu.obj</name>
      </input_file>
      <input_file id="fl-f">
         <path>.\source\</path>
         <kind>object</kind>
         <file>sys_pcr.obj</file>
         <name>sys_pcr.obj</name>
      </input_file>
      <input_file id="fl-10">
         <path>.\source\</path>
         <kind>object</kind>
         <file>sys_phantom.obj</file>
         <name>sys_phantom.obj</name>
      </input_file>
      <input_file id="fl-11">
         <path>.\source\</path>
         <kind>object</kind>
         <file>sys_pmm.obj</file>
         <name>sys_pmm.obj</name>
      </input_file>
      <input_file id="fl-12">
         <path>.\source\</path>
         <kind>object</kind>
         <file>sys_pmu.obj</file>
         <name>sys_pmu.obj</name>
      </input_file>
      <input_file id="fl-13">
         <path>.\source\</path>
         <kind>object</kind>
         <file>sys_selftest.obj</file>
         <name>sys_selftest.obj</name>
      </input_file>
      <input_file id="fl-14">
         <path>.\source\</path>
         <kind>object</kind>
         <file>sys_startup.obj</file>
         <name>sys_startup.obj</name>
      </input_file>
      <input_file id="fl-15">
         <path>.\source\</path>
         <kind>object</kind>
         <file>sys_vim.obj</file>
         <name>sys_vim.obj</name>
      </input_file>
      <input_file id="fl-16">
         <path>.\source\</path>
         <kind>object</kind>
         <file>system.obj</file>
         <name>system.obj</name>
      </input_file>
      <input_file id="fl-1a">
         <kind>object</kind>
         <file>&lt;internal&gt;</file>
         <name>&lt;internal&gt;</name>
      </input_file>
      <input_file id="fl-1b">
         <path>C:\ti\ccsv8\tools\compiler\ti-cgt-arm_18.1.2.LTS\lib\</path>
         <kind>archive</kind>
         <file>rtsv7R4_T_be_v3D16_eabi.lib</file>
         <name>s_floor.c.obj</name>
      </input_file>
      <input_file id="fl-1c">
         <path>C:\ti\ccsv8\tools\compiler\ti-cgt-arm_18.1.2.LTS\lib\</path>
         <kind>archive</kind>
         <file>rtsv7R4_T_be_v3D16_eabi.lib</file>
         <name>memset_t2.asm.obj</name>
      </input_file>
      <input_file id="fl-1d">
         <path>C:\ti\ccsv8\tools\compiler\ti-cgt-arm_18.1.2.LTS\lib\</path>
         <kind>archive</kind>
         <file>rtsv7R4_T_be_v3D16_eabi.lib</file>
         <name>autoinit.c.obj</name>
      </input_file>
      <input_file id="fl-1e">
         <path>C:\ti\ccsv8\tools\compiler\ti-cgt-arm_18.1.2.LTS\lib\</path>
         <kind>archive</kind>
         <file>rtsv7R4_T_be_v3D16_eabi.lib</file>
         <name>cpy_tbl.c.obj</name>
      </input_file>
      <input_file id="fl-1f">
         <path>C:\ti\ccsv8\tools\compiler\ti-cgt-arm_18.1.2.LTS\lib\</path>
         <kind>archive</kind>
         <file>rtsv7R4_T_be_v3D16_eabi.lib</file>
         <name>copy_zero_init.c.obj</name>
      </input_file>
      <input_file id="fl-20">
         <path>C:\ti\ccsv8\tools\compiler\ti-cgt-arm_18.1.2.LTS\lib\</path>
         <kind>archive</kind>
         <file>rtsv7R4_T_be_v3D16_eabi.lib</file>
         <name>copy_decompress_none.c.obj</name>
      </input_file>
      <input_file id="fl-21">
         <path>C:\ti\ccsv8\tools\compiler\ti-cgt-arm_18.1.2.LTS\lib\</path>
         <kind>archive</kind>
         <file>rtsv7R4_T_be_v3D16_eabi.lib</file>
         <name>copy_decompress_lzss.c.obj</name>
      </input_file>
      <input_file id="fl-22">
         <path>C:\ti\ccsv8\tools\compiler\ti-cgt-arm_18.1.2.LTS\lib\</path>
         <kind>archive</kind>
         <file>rtsv7R4_T_be_v3D16_eabi.lib</file>
         <name>exit.c.obj</name>
      </input_file>
      <input_file id="fl-23">
         <path>C:\ti\ccsv8\tools\compiler\ti-cgt-arm_18.1.2.LTS\lib\</path>
         <kind>archive</kind>
         <file>rtsv7R4_T_be_v3D16_eabi.lib</file>
         <name>_lock.c.obj</name>
      </input_file>
      <input_file id="fl-24">
         <path>C:\ti\ccsv8\tools\compiler\ti-cgt-arm_18.1.2.LTS\lib\</path>
         <kind>archive</kind>
         <file>rtsv7R4_T_be_v3D16_eabi.lib</file>
         <name>printf.c.obj</name>
      </input_file>
      <input_file id="fl-25">
         <path>C:\ti\ccsv8\tools\compiler\ti-cgt-arm_18.1.2.LTS\lib\</path>
         <kind>archive</kind>
         <file>rtsv7R4_T_be_v3D16_eabi.lib</file>
         <name>memcpy_t2.asm.obj</name>
      </input_file>
      <input_file id="fl-26">
         <path>C:\ti\ccsv8\tools\compiler\ti-cgt-arm_18.1.2.LTS\lib\</path>
         <kind>archive</kind>
         <file>rtsv7R4_T_be_v3D16_eabi.lib</file>
         <name>_printfi.c.obj</name>
      </input_file>
      <input_file id="fl-27">
         <path>C:\ti\ccsv8\tools\compiler\ti-cgt-arm_18.1.2.LTS\lib\</path>
         <kind>archive</kind>
         <file>rtsv7R4_T_be_v3D16_eabi.lib</file>
         <name>atoi.c.obj</name>
      </input_file>
      <input_file id="fl-28">
         <path>C:\ti\ccsv8\tools\compiler\ti-cgt-arm_18.1.2.LTS\lib\</path>
         <kind>archive</kind>
         <file>rtsv7R4_T_be_v3D16_eabi.lib</file>
         <name>ctype.c.obj</name>
      </input_file>
      <input_file id="fl-29">
         <path>C:\ti\ccsv8\tools\compiler\ti-cgt-arm_18.1.2.LTS\lib\</path>
         <kind>archive</kind>
         <file>rtsv7R4_T_be_v3D16_eabi.lib</file>
         <name>defs.c.obj</name>
      </input_file>
      <input_file id="fl-2a">
         <path>C:\ti\ccsv8\tools\compiler\ti-cgt-arm_18.1.2.LTS\lib\</path>
         <kind>archive</kind>
         <file>rtsv7R4_T_be_v3D16_eabi.lib</file>
         <name>fputc.c.obj</name>
      </input_file>
      <input_file id="fl-2b">
         <path>C:\ti\ccsv8\tools\compiler\ti-cgt-arm_18.1.2.LTS\lib\</path>
         <kind>archive</kind>
         <file>rtsv7R4_T_be_v3D16_eabi.lib</file>
         <name>fputs.c.obj</name>
      </input_file>
      <input_file id="fl-2c">
         <path>C:\ti\ccsv8\tools\compiler\ti-cgt-arm_18.1.2.LTS\lib\</path>
         <kind>archive</kind>
         <file>rtsv7R4_T_be_v3D16_eabi.lib</file>
         <name>ltoa.c.obj</name>
      </input_file>
      <input_file id="fl-2d">
         <path>C:\ti\ccsv8\tools\compiler\ti-cgt-arm_18.1.2.LTS\lib\</path>
         <kind>archive</kind>
         <file>rtsv7R4_T_be_v3D16_eabi.lib</file>
         <name>memccpy.c.obj</name>
      </input_file>
      <input_file id="fl-2e">
         <path>C:\ti\ccsv8\tools\compiler\ti-cgt-arm_18.1.2.LTS\lib\</path>
         <kind>archive</kind>
         <file>rtsv7R4_T_be_v3D16_eabi.lib</file>
         <name>memchr.c.obj</name>
      </input_file>
      <input_file id="fl-2f">
         <path>C:\ti\ccsv8\tools\compiler\ti-cgt-arm_18.1.2.LTS\lib\</path>
         <kind>archive</kind>
         <file>rtsv7R4_T_be_v3D16_eabi.lib</file>
         <name>strchr.c.obj</name>
      </input_file>
      <input_file id="fl-30">
         <path>C:\ti\ccsv8\tools\compiler\ti-cgt-arm_18.1.2.LTS\lib\</path>
         <kind>archive</kind>
         <file>rtsv7R4_T_be_v3D16_eabi.lib</file>
         <name>strlen.c.obj</name>
      </input_file>
      <input_file id="fl-31">
         <path>C:\ti\ccsv8\tools\compiler\ti-cgt-arm_18.1.2.LTS\lib\</path>
         <kind>archive</kind>
         <file>rtsv7R4_T_be_v3D16_eabi.lib</file>
         <name>write.c.obj</name>
      </input_file>
      <input_file id="fl-32">
         <path>C:\ti\ccsv8\tools\compiler\ti-cgt-arm_18.1.2.LTS\lib\</path>
         <kind>archive</kind>
         <file>rtsv7R4_T_be_v3D16_eabi.lib</file>
         <name>s_frexp.c.obj</name>
      </input_file>
      <input_file id="fl-33">
         <path>C:\ti\ccsv8\tools\compiler\ti-cgt-arm_18.1.2.LTS\lib\</path>
         <kind>archive</kind>
         <file>rtsv7R4_T_be_v3D16_eabi.lib</file>
         <name>s_scalbn.c.obj</name>
      </input_file>
      <input_file id="fl-34">
         <path>C:\ti\ccsv8\tools\compiler\ti-cgt-arm_18.1.2.LTS\lib\</path>
         <kind>archive</kind>
         <file>rtsv7R4_T_be_v3D16_eabi.lib</file>
         <name>s_copysign.c.obj</name>
      </input_file>
      <input_file id="fl-35">
         <path>C:\ti\ccsv8\tools\compiler\ti-cgt-arm_18.1.2.LTS\lib\</path>
         <kind>archive</kind>
         <file>rtsv7R4_T_be_v3D16_eabi.lib</file>
         <name>wcslen.c.obj</name>
      </input_file>
      <input_file id="fl-36">
         <path>C:\ti\ccsv8\tools\compiler\ti-cgt-arm_18.1.2.LTS\lib\</path>
         <kind>archive</kind>
         <file>rtsv7R4_T_be_v3D16_eabi.lib</file>
         <name>ull_div32.asm.obj</name>
      </input_file>
      <input_file id="fl-37">
         <path>C:\ti\ccsv8\tools\compiler\ti-cgt-arm_18.1.2.LTS\lib\</path>
         <kind>archive</kind>
         <file>rtsv7R4_T_be_v3D16_eabi.lib</file>
         <name>errno.c.obj</name>
      </input_file>
      <input_file id="fl-38">
         <path>C:\ti\ccsv8\tools\compiler\ti-cgt-arm_18.1.2.LTS\lib\</path>
         <kind>archive</kind>
         <file>rtsv7R4_T_be_v3D16_eabi.lib</file>
         <name>_io_perm.c.obj</name>
      </input_file>
      <input_file id="fl-39">
         <path>C:\ti\ccsv8\tools\compiler\ti-cgt-arm_18.1.2.LTS\lib\</path>
         <kind>archive</kind>
         <file>rtsv7R4_T_be_v3D16_eabi.lib</file>
         <name>fflush.c.obj</name>
      </input_file>
      <input_file id="fl-3a">
         <path>C:\ti\ccsv8\tools\compiler\ti-cgt-arm_18.1.2.LTS\lib\</path>
         <kind>archive</kind>
         <file>rtsv7R4_T_be_v3D16_eabi.lib</file>
         <name>fseek.c.obj</name>
      </input_file>
      <input_file id="fl-3b">
         <path>C:\ti\ccsv8\tools\compiler\ti-cgt-arm_18.1.2.LTS\lib\</path>
         <kind>archive</kind>
         <file>rtsv7R4_T_be_v3D16_eabi.lib</file>
         <name>lseek.c.obj</name>
      </input_file>
      <input_file id="fl-3c">
         <path>C:\ti\ccsv8\tools\compiler\ti-cgt-arm_18.1.2.LTS\lib\</path>
         <kind>archive</kind>
         <file>rtsv7R4_T_be_v3D16_eabi.lib</file>
         <name>setvbuf.c.obj</name>
      </input_file>
      <input_file id="fl-3d">
         <path>C:\ti\ccsv8\tools\compiler\ti-cgt-arm_18.1.2.LTS\lib\</path>
         <kind>archive</kind>
         <file>rtsv7R4_T_be_v3D16_eabi.lib</file>
         <name>hostclose.c.obj</name>
      </input_file>
      <input_file id="fl-3e">
         <path>C:\ti\ccsv8\tools\compiler\ti-cgt-arm_18.1.2.LTS\lib\</path>
         <kind>archive</kind>
         <file>rtsv7R4_T_be_v3D16_eabi.lib</file>
         <name>hostlseek.c.obj</name>
      </input_file>
      <input_file id="fl-3f">
         <path>C:\ti\ccsv8\tools\compiler\ti-cgt-arm_18.1.2.LTS\lib\</path>
         <kind>archive</kind>
         <file>rtsv7R4_T_be_v3D16_eabi.lib</file>
         <name>hostopen.c.obj</name>
      </input_file>
      <input_file id="fl-40">
         <path>C:\ti\ccsv8\tools\compiler\ti-cgt-arm_18.1.2.LTS\lib\</path>
         <kind>archive</kind>
         <file>rtsv7R4_T_be_v3D16_eabi.lib</file>
         <name>hostread.c.obj</name>
      </input_file>
      <input_file id="fl-41">
         <path>C:\ti\ccsv8\tools\compiler\ti-cgt-arm_18.1.2.LTS\lib\</path>
         <kind>archive</kind>
         <file>rtsv7R4_T_be_v3D16_eabi.lib</file>
         <name>hostrename.c.obj</name>
      </input_file>
      <input_file id="fl-42">
         <path>C:\ti\ccsv8\tools\compiler\ti-cgt-arm_18.1.2.LTS\lib\</path>
         <kind>archive</kind>
         <file>rtsv7R4_T_be_v3D16_eabi.lib</file>
         <name>hostunlink.c.obj</name>
      </input_file>
      <input_file id="fl-43">
         <path>C:\ti\ccsv8\tools\compiler\ti-cgt-arm_18.1.2.LTS\lib\</path>
         <kind>archive</kind>
         <file>rtsv7R4_T_be_v3D16_eabi.lib</file>
         <name>hostwrite.c.obj</name>
      </input_file>
      <input_file id="fl-44">
         <path>C:\ti\ccsv8\tools\compiler\ti-cgt-arm_18.1.2.LTS\lib\</path>
         <kind>archive</kind>
         <file>rtsv7R4_T_be_v3D16_eabi.lib</file>
         <name>trgmsg.c.obj</name>
      </input_file>
      <input_file id="fl-45">
         <path>C:\ti\ccsv8\tools\compiler\ti-cgt-arm_18.1.2.LTS\lib\</path>
         <kind>archive</kind>
         <file>rtsv7R4_T_be_v3D16_eabi.lib</file>
         <name>memory.c.obj</name>
      </input_file>
      <input_file id="fl-46">
         <path>C:\ti\ccsv8\tools\compiler\ti-cgt-arm_18.1.2.LTS\lib\</path>
         <kind>archive</kind>
         <file>rtsv7R4_T_be_v3D16_eabi.lib</file>
         <name>fopen.c.obj</name>
      </input_file>
      <input_file id="fl-47">
         <path>C:\ti\ccsv8\tools\compiler\ti-cgt-arm_18.1.2.LTS\lib\</path>
         <kind>archive</kind>
         <file>rtsv7R4_T_be_v3D16_eabi.lib</file>
         <name>open.c.obj</name>
      </input_file>
      <input_file id="fl-48">
         <path>C:\ti\ccsv8\tools\compiler\ti-cgt-arm_18.1.2.LTS\lib\</path>
         <kind>archive</kind>
         <file>rtsv7R4_T_be_v3D16_eabi.lib</file>
         <name>strcpy.c.obj</name>
      </input_file>
      <input_file id="fl-49">
         <path>C:\ti\ccsv8\tools\compiler\ti-cgt-arm_18.1.2.LTS\lib\</path>
         <kind>archive</kind>
         <file>rtsv7R4_T_be_v3D16_eabi.lib</file>
         <name>fclose.c.obj</name>
      </input_file>
      <input_file id="fl-4a">
         <path>C:\ti\ccsv8\tools\compiler\ti-cgt-arm_18.1.2.LTS\lib\</path>
         <kind>archive</kind>
         <file>rtsv7R4_T_be_v3D16_eabi.lib</file>
         <name>getdevice.c.obj</name>
      </input_file>
      <input_file id="fl-4b">
         <path>C:\ti\ccsv8\tools\compiler\ti-cgt-arm_18.1.2.LTS\lib\</path>
         <kind>archive</kind>
         <file>rtsv7R4_T_be_v3D16_eabi.lib</file>
         <name>remove.c.obj</name>
      </input_file>
      <input_file id="fl-4c">
         <path>C:\ti\ccsv8\tools\compiler\ti-cgt-arm_18.1.2.LTS\lib\</path>
         <kind>archive</kind>
         <file>rtsv7R4_T_be_v3D16_eabi.lib</file>
         <name>strcmp.c.obj</name>
      </input_file>
      <input_file id="fl-4d">
         <path>C:\ti\ccsv8\tools\compiler\ti-cgt-arm_18.1.2.LTS\lib\</path>
         <kind>archive</kind>
         <file>rtsv7R4_T_be_v3D16_eabi.lib</file>
         <name>strncpy.c.obj</name>
      </input_file>
      <input_file id="fl-4e">
         <path>C:\ti\ccsv8\tools\compiler\ti-cgt-arm_18.1.2.LTS\lib\</path>
         <kind>archive</kind>
         <file>rtsv7R4_T_be_v3D16_eabi.lib</file>
         <name>unlink.c.obj</name>
      </input_file>
      <input_file id="fl-4f">
         <path>C:\ti\ccsv8\tools\compiler\ti-cgt-arm_18.1.2.LTS\lib\</path>
         <kind>archive</kind>
         <file>rtsv7R4_T_be_v3D16_eabi.lib</file>
         <name>close.c.obj</name>
      </input_file>
   </input_file_list>
   <object_component_list>
      <object_component id="oc-34">
         <name>.intvecs</name>
         <load_address>0x0</load_address>
         <run_address>0x0</run_address>
         <size>0x20</size>
         <input_file_ref idref="fl-c"/>
      </object_component>
      <object_component id="oc-7c">
         <name>.text</name>
         <load_address>0x20</load_address>
         <run_address>0x20</run_address>
         <size>0x2cdc</size>
         <input_file_ref idref="fl-13"/>
      </object_component>
      <object_component id="oc-130">
         <name>.text</name>
         <load_address>0x2cfc</load_address>
         <run_address>0x2cfc</run_address>
         <size>0x1ad0</size>
         <input_file_ref idref="fl-2"/>
      </object_component>
      <object_component id="oc-76">
         <name>.text</name>
         <load_address>0x47cc</load_address>
         <run_address>0x47cc</run_address>
         <size>0xb28</size>
         <input_file_ref idref="fl-16"/>
      </object_component>
      <object_component id="oc-44">
         <name>.text</name>
         <load_address>0x52f4</load_address>
         <run_address>0x52f4</run_address>
         <size>0xa54</size>
         <input_file_ref idref="fl-15"/>
      </object_component>
      <object_component id="oc-21d">
         <name>.text:__TI_printfi</name>
         <load_address>0x5d48</load_address>
         <run_address>0x5d48</run_address>
         <size>0xa32</size>
         <input_file_ref idref="fl-26"/>
      </object_component>
      <object_component id="oc-2e2">
         <name>.text:_nop</name>
         <load_address>0x677a</load_address>
         <run_address>0x677a</run_address>
         <size>0x2</size>
         <input_file_ref idref="fl-23"/>
      </object_component>
      <object_component id="oc-124">
         <name>.text</name>
         <load_address>0x677c</load_address>
         <run_address>0x677c</run_address>
         <size>0xa2c</size>
         <input_file_ref idref="fl-9"/>
      </object_component>
      <object_component id="oc-d8">
         <name>.text</name>
         <load_address>0x71a8</load_address>
         <run_address>0x71a8</run_address>
         <size>0x8b4</size>
         <input_file_ref idref="fl-7"/>
      </object_component>
      <object_component id="oc-12a">
         <name>.text</name>
         <load_address>0x7a5c</load_address>
         <run_address>0x7a5c</run_address>
         <size>0x638</size>
         <input_file_ref idref="fl-8"/>
      </object_component>
      <object_component id="oc-82">
         <name>.text</name>
         <load_address>0x8094</load_address>
         <run_address>0x8094</run_address>
         <size>0x5bc</size>
         <input_file_ref idref="fl-4"/>
      </object_component>
      <object_component id="oc-11e">
         <name>.text</name>
         <load_address>0x8650</load_address>
         <run_address>0x8650</run_address>
         <size>0x484</size>
         <input_file_ref idref="fl-5"/>
      </object_component>
      <object_component id="oc-71">
         <name>.text</name>
         <load_address>0x8ad4</load_address>
         <run_address>0x8ad4</run_address>
         <size>0x34c</size>
         <input_file_ref idref="fl-a"/>
      </object_component>
      <object_component id="oc-3f">
         <name>.text:retain</name>
         <load_address>0x8e20</load_address>
         <run_address>0x8e20</run_address>
         <size>0x2cc</size>
         <input_file_ref idref="fl-15"/>
      </object_component>
      <object_component id="oc-32a">
         <name>.text</name>
         <load_address>0x90ec</load_address>
         <run_address>0x90ec</run_address>
         <size>0x2b8</size>
         <input_file_ref idref="fl-36"/>
      </object_component>
      <object_component id="oc-89">
         <name>.text</name>
         <load_address>0x93a4</load_address>
         <run_address>0x93a4</run_address>
         <size>0x288</size>
         <input_file_ref idref="fl-d"/>
      </object_component>
      <object_component id="oc-19">
         <name>.text:retain</name>
         <load_address>0x962c</load_address>
         <run_address>0x962c</run_address>
         <size>0x27c</size>
         <input_file_ref idref="fl-14"/>
      </object_component>
      <object_component id="oc-2be">
         <name>.text:_pconv_a</name>
         <load_address>0x98a8</load_address>
         <run_address>0x98a8</run_address>
         <size>0x248</size>
         <input_file_ref idref="fl-26"/>
      </object_component>
      <object_component id="oc-2e">
         <name>.text:retain</name>
         <load_address>0x9af0</load_address>
         <run_address>0x9af0</run_address>
         <size>0x204</size>
         <input_file_ref idref="fl-9"/>
      </object_component>
      <object_component id="oc-2ac">
         <name>.text:_pconv_g</name>
         <load_address>0x9cf4</load_address>
         <run_address>0x9cf4</run_address>
         <size>0x1a8</size>
         <input_file_ref idref="fl-26"/>
      </object_component>
      <object_component id="oc-2f0">
         <name>.text:fputs</name>
         <load_address>0x9e9c</load_address>
         <run_address>0x9e9c</run_address>
         <size>0x118</size>
         <input_file_ref idref="fl-2b"/>
      </object_component>
      <object_component id="oc-1f">
         <name>.text:retain</name>
         <load_address>0x9fb4</load_address>
         <run_address>0x9fb4</run_address>
         <size>0x114</size>
         <input_file_ref idref="fl-4"/>
      </object_component>
      <object_component id="oc-2b8">
         <name>.text:_pconv_e</name>
         <load_address>0xa0c8</load_address>
         <run_address>0xa0c8</run_address>
         <size>0x104</size>
         <input_file_ref idref="fl-26"/>
      </object_component>
      <object_component id="oc-343">
         <name>.text:fcvt</name>
         <load_address>0xa1cc</load_address>
         <run_address>0xa1cc</run_address>
         <size>0xfc</size>
         <input_file_ref idref="fl-26"/>
      </object_component>
      <object_component id="oc-357">
         <name>.text:scalbn</name>
         <load_address>0xa2c8</load_address>
         <run_address>0xa2c8</run_address>
         <size>0xec</size>
         <input_file_ref idref="fl-33"/>
      </object_component>
      <object_component id="oc-a5">
         <name>.text</name>
         <load_address>0xa3b4</load_address>
         <run_address>0xa3b4</run_address>
         <size>0xe8</size>
         <input_file_ref idref="fl-3"/>
      </object_component>
      <object_component id="oc-1fd">
         <name>.text:floor</name>
         <load_address>0xa49c</load_address>
         <run_address>0xa49c</run_address>
         <size>0xe0</size>
         <input_file_ref idref="fl-1b"/>
      </object_component>
      <object_component id="oc-e0">
         <name>.text</name>
         <load_address>0xa57c</load_address>
         <run_address>0xa57c</run_address>
         <size>0xe0</size>
         <input_file_ref idref="fl-12"/>
      </object_component>
      <object_component id="oc-3db">
         <name>.text:setvbuf</name>
         <load_address>0xa65c</load_address>
         <run_address>0xa65c</run_address>
         <size>0xdc</size>
         <input_file_ref idref="fl-3c"/>
      </object_component>
      <object_component id="oc-408">
         <name>.text:free</name>
         <load_address>0xa738</load_address>
         <run_address>0xa738</run_address>
         <size>0xd8</size>
         <input_file_ref idref="fl-45"/>
      </object_component>
      <object_component id="oc-91">
         <name>.text</name>
         <load_address>0xa810</load_address>
         <run_address>0xa810</run_address>
         <size>0xd4</size>
         <input_file_ref idref="fl-6"/>
      </object_component>
      <object_component id="oc-2a6">
         <name>.text:_ltostr</name>
         <load_address>0xa8e4</load_address>
         <run_address>0xa8e4</run_address>
         <size>0xad</size>
         <input_file_ref idref="fl-26"/>
      </object_component>
      <object_component id="oc-59">
         <name>.text</name>
         <load_address>0xa992</load_address>
         <run_address>0xa992</run_address>
         <size>0x9c</size>
         <input_file_ref idref="fl-25"/>
      </object_component>
      <object_component id="oc-2f7">
         <name>.text:fputc</name>
         <load_address>0xaa30</load_address>
         <run_address>0xaa30</run_address>
         <size>0x90</size>
         <input_file_ref idref="fl-2a"/>
      </object_component>
      <object_component id="oc-33c">
         <name>.text:_mcpy</name>
         <load_address>0xaac0</load_address>
         <run_address>0xaac0</run_address>
         <size>0x7a</size>
         <input_file_ref idref="fl-26"/>
      </object_component>
      <object_component id="oc-d1">
         <name>.text</name>
         <load_address>0xab3a</load_address>
         <run_address>0xab3a</run_address>
         <size>0x7a</size>
         <input_file_ref idref="fl-1c"/>
      </object_component>
      <object_component id="oc-40e">
         <name>.text:malloc</name>
         <load_address>0xabb4</load_address>
         <run_address>0xabb4</run_address>
         <size>0x78</size>
         <input_file_ref idref="fl-45"/>
      </object_component>
      <object_component id="oc-453">
         <name>.text:__TI_closefile</name>
         <load_address>0xac2c</load_address>
         <run_address>0xac2c</run_address>
         <size>0x74</size>
         <input_file_ref idref="fl-49"/>
      </object_component>
      <object_component id="oc-351">
         <name>.text:frexp</name>
         <load_address>0xaca0</load_address>
         <run_address>0xaca0</run_address>
         <size>0x74</size>
         <input_file_ref idref="fl-32"/>
      </object_component>
      <object_component id="oc-c">
         <name>.text:decompress:lzss:__TI_decompress_lzss</name>
         <load_address>0xad14</load_address>
         <run_address>0xad14</run_address>
         <size>0x6c</size>
         <input_file_ref idref="fl-21"/>
      </object_component>
      <object_component id="oc-477">
         <name>.text:HOSTlseek</name>
         <load_address>0xad80</load_address>
         <run_address>0xad80</run_address>
         <size>0x68</size>
         <input_file_ref idref="fl-3e"/>
      </object_component>
      <object_component id="oc-483">
         <name>.text:HOSTrename</name>
         <load_address>0xade8</load_address>
         <run_address>0xade8</run_address>
         <size>0x68</size>
         <input_file_ref idref="fl-41"/>
      </object_component>
      <object_component id="oc-136">
         <name>.text:printf</name>
         <load_address>0xae50</load_address>
         <run_address>0xae50</run_address>
         <size>0x68</size>
         <input_file_ref idref="fl-24"/>
      </object_component>
      <object_component id="oc-388">
         <name>.text:__TI_wrt_ok</name>
         <load_address>0xaeb8</load_address>
         <run_address>0xaeb8</run_address>
         <size>0x64</size>
         <input_file_ref idref="fl-38"/>
      </object_component>
      <object_component id="oc-3d5">
         <name>.text:fseek</name>
         <load_address>0xaf1c</load_address>
         <run_address>0xaf1c</run_address>
         <size>0x64</size>
         <input_file_ref idref="fl-3a"/>
      </object_component>
      <object_component id="oc-45f">
         <name>.text:HOSTopen</name>
         <load_address>0xaf80</load_address>
         <run_address>0xaf80</run_address>
         <size>0x5c</size>
         <input_file_ref idref="fl-3f"/>
      </object_component>
      <object_component id="oc-46b">
         <name>.text:HOSTread</name>
         <load_address>0xafdc</load_address>
         <run_address>0xafdc</run_address>
         <size>0x5c</size>
         <input_file_ref idref="fl-40"/>
      </object_component>
      <object_component id="oc-471">
         <name>.text:HOSTwrite</name>
         <load_address>0xb038</load_address>
         <run_address>0xb038</run_address>
         <size>0x58</size>
         <input_file_ref idref="fl-43"/>
      </object_component>
      <object_component id="oc-492">
         <name>.text:close</name>
         <load_address>0xb090</load_address>
         <run_address>0xb090</run_address>
         <size>0x58</size>
         <input_file_ref idref="fl-4f"/>
      </object_component>
      <object_component id="oc-336">
         <name>.text:_ecpy</name>
         <load_address>0xb0e8</load_address>
         <run_address>0xb0e8</run_address>
         <size>0x54</size>
         <input_file_ref idref="fl-26"/>
      </object_component>
      <object_component id="oc-330">
         <name>.text:ltoa</name>
         <load_address>0xb13c</load_address>
         <run_address>0xb13c</run_address>
         <size>0x54</size>
         <input_file_ref idref="fl-2c"/>
      </object_component>
      <object_component id="oc-2b2">
         <name>.text:_pconv_f</name>
         <load_address>0xb190</load_address>
         <run_address>0xb190</run_address>
         <size>0x50</size>
         <input_file_ref idref="fl-26"/>
      </object_component>
      <object_component id="oc-2a0">
         <name>.text:atoi</name>
         <load_address>0xb1e0</load_address>
         <run_address>0xb1e0</run_address>
         <size>0x50</size>
         <input_file_ref idref="fl-27"/>
      </object_component>
      <object_component id="oc-394">
         <name>.text:__TI_doflush</name>
         <load_address>0xb230</load_address>
         <run_address>0xb230</run_address>
         <size>0x4c</size>
         <input_file_ref idref="fl-39"/>
      </object_component>
      <object_component id="oc-28">
         <name>.text:retain</name>
         <load_address>0xb27c</load_address>
         <run_address>0xb27c</run_address>
         <size>0x4c</size>
         <input_file_ref idref="fl-8"/>
      </object_component>
      <object_component id="oc-465">
         <name>.text:HOSTclose</name>
         <load_address>0xb2c8</load_address>
         <run_address>0xb2c8</run_address>
         <size>0x44</size>
         <input_file_ref idref="fl-3d"/>
      </object_component>
      <object_component id="oc-47d">
         <name>.text:HOSTunlink</name>
         <load_address>0xb30c</load_address>
         <run_address>0xb30c</run_address>
         <size>0x44</size>
         <input_file_ref idref="fl-42"/>
      </object_component>
      <object_component id="oc-ee">
         <name>.text:__TI_auto_init_nobinit_nopinit:__TI_auto_init_nobinit_nopinit</name>
         <load_address>0xb350</load_address>
         <run_address>0xb350</run_address>
         <size>0x44</size>
         <input_file_ref idref="fl-1d"/>
      </object_component>
      <object_component id="oc-149">
         <name>.text:exit</name>
         <load_address>0xb394</load_address>
         <run_address>0xb394</run_address>
         <size>0x44</size>
         <input_file_ref idref="fl-22"/>
      </object_component>
      <object_component id="oc-4c7">
         <name>.text:getdevice</name>
         <load_address>0xb3d8</load_address>
         <run_address>0xb3d8</run_address>
         <size>0x44</size>
         <input_file_ref idref="fl-4a"/>
      </object_component>
      <object_component id="oc-349">
         <name>.text:_fcpy</name>
         <load_address>0xb41c</load_address>
         <run_address>0xb41c</run_address>
         <size>0x40</size>
         <input_file_ref idref="fl-26"/>
      </object_component>
      <object_component id="oc-4a3">
         <name>.text:__TI_writemsg</name>
         <load_address>0xb45c</load_address>
         <run_address>0xb45c</run_address>
         <size>0x3c</size>
         <input_file_ref idref="fl-44"/>
      </object_component>
      <object_component id="oc-448">
         <name>.text:minsert</name>
         <load_address>0xb498</load_address>
         <run_address>0xb498</run_address>
         <size>0x3c</size>
         <input_file_ref idref="fl-45"/>
      </object_component>
      <object_component id="oc-43c">
         <name>.text:minit</name>
         <load_address>0xb4d4</load_address>
         <run_address>0xb4d4</run_address>
         <size>0x38</size>
         <input_file_ref idref="fl-45"/>
      </object_component>
      <object_component id="oc-4e9">
         <name>.text:strncpy</name>
         <load_address>0xb50c</load_address>
         <run_address>0xb50c</run_address>
         <size>0x36</size>
         <input_file_ref idref="fl-4d"/>
      </object_component>
      <object_component id="oc-414">
         <name>.text:__TI_cleanup</name>
         <load_address>0xb544</load_address>
         <run_address>0xb544</run_address>
         <size>0x34</size>
         <input_file_ref idref="fl-46"/>
      </object_component>
      <object_component id="oc-4a9">
         <name>.text:__TI_readmsg</name>
         <load_address>0xb578</load_address>
         <run_address>0xb578</run_address>
         <size>0x34</size>
         <input_file_ref idref="fl-44"/>
      </object_component>
      <object_component id="oc-4ef">
         <name>.text:finddevice</name>
         <load_address>0xb5ac</load_address>
         <run_address>0xb5ac</run_address>
         <size>0x34</size>
         <input_file_ref idref="fl-4a"/>
      </object_component>
      <object_component id="oc-498">
         <name>.text:unlink</name>
         <load_address>0xb5e0</load_address>
         <run_address>0xb5e0</run_address>
         <size>0x2c</size>
         <input_file_ref idref="fl-4e"/>
      </object_component>
      <object_component id="oc-400">
         <name>.text:lseek</name>
         <load_address>0xb60c</load_address>
         <run_address>0xb60c</run_address>
         <size>0x28</size>
         <input_file_ref idref="fl-3b"/>
      </object_component>
      <object_component id="oc-442">
         <name>.text:mremove</name>
         <load_address>0xb634</load_address>
         <run_address>0xb634</run_address>
         <size>0x28</size>
         <input_file_ref idref="fl-45"/>
      </object_component>
      <object_component id="oc-39a">
         <name>.text:write</name>
         <load_address>0xb65c</load_address>
         <run_address>0xb65c</run_address>
         <size>0x28</size>
         <input_file_ref idref="fl-31"/>
      </object_component>
      <object_component id="oc-38e">
         <name>.text:memchr</name>
         <load_address>0xb684</load_address>
         <run_address>0xb684</run_address>
         <size>0x20</size>
         <input_file_ref idref="fl-2e"/>
      </object_component>
      <object_component id="oc-2c4">
         <name>.text:memccpy</name>
         <load_address>0xb6a4</load_address>
         <run_address>0xb6a4</run_address>
         <size>0x1c</size>
         <input_file_ref idref="fl-2d"/>
      </object_component>
      <object_component id="oc-3b9">
         <name>.text:copysign</name>
         <load_address>0xb6c0</load_address>
         <run_address>0xb6c0</run_address>
         <size>0x18</size>
         <input_file_ref idref="fl-34"/>
      </object_component>
      <object_component id="oc-506">
         <name>.text:strcmp</name>
         <load_address>0xb6d8</load_address>
         <run_address>0xb6d8</run_address>
         <size>0x18</size>
         <input_file_ref idref="fl-4c"/>
      </object_component>
      <object_component id="oc-35d">
         <name>.text:strchr</name>
         <load_address>0xb6f0</load_address>
         <run_address>0xb6f0</run_address>
         <size>0x16</size>
         <input_file_ref idref="fl-2f"/>
      </object_component>
      <object_component id="oc-29a">
         <name>.text:strlen</name>
         <load_address>0xb706</load_address>
         <run_address>0xb706</run_address>
         <size>0x16</size>
         <input_file_ref idref="fl-30"/>
      </object_component>
      <object_component id="oc-4bd">
         <name>.text:strcpy</name>
         <load_address>0xb71c</load_address>
         <run_address>0xb71c</run_address>
         <size>0x14</size>
         <input_file_ref idref="fl-48"/>
      </object_component>
      <object_component id="oc-65">
         <name>.text:decompress:ZI:__TI_zero_init_nomemset:__TI_zero_init_nomemset</name>
         <load_address>0xb730</load_address>
         <run_address>0xb730</run_address>
         <size>0x12</size>
         <input_file_ref idref="fl-1f"/>
      </object_component>
      <object_component id="oc-2ca">
         <name>.text:wcslen</name>
         <load_address>0xb742</load_address>
         <run_address>0xb742</run_address>
         <size>0x12</size>
         <input_file_ref idref="fl-35"/>
      </object_component>
      <object_component id="oc-12">
         <name>.text:decompress:none:__TI_decompress_none</name>
         <load_address>0xb754</load_address>
         <run_address>0xb754</run_address>
         <size>0xe</size>
         <input_file_ref idref="fl-20"/>
      </object_component>
      <object_component id="oc-2d0">
         <name>.text:__aeabi_errno_addr</name>
         <load_address>0xb764</load_address>
         <run_address>0xb764</run_address>
         <size>0x8</size>
         <input_file_ref idref="fl-37"/>
      </object_component>
      <object_component id="oc-22f">
         <name>.text:_outc</name>
         <load_address>0xb76c</load_address>
         <run_address>0xb76c</run_address>
         <size>0x4</size>
         <input_file_ref idref="fl-24"/>
      </object_component>
      <object_component id="oc-229">
         <name>.text:_outs</name>
         <load_address>0xb770</load_address>
         <run_address>0xb770</run_address>
         <size>0x4</size>
         <input_file_ref idref="fl-24"/>
      </object_component>
      <object_component id="oc-143">
         <name>.text:abort:abort</name>
         <load_address>0xb774</load_address>
         <run_address>0xb774</run_address>
         <size>0x4</size>
         <input_file_ref idref="fl-22"/>
      </object_component>
      <object_component id="oc-39">
         <name>.text:retain</name>
         <load_address>0xb778</load_address>
         <run_address>0xb778</run_address>
         <size>0x4</size>
         <input_file_ref idref="fl-10"/>
      </object_component>
      <object_component id="oc-213">
         <name>.const:crc16_table</name>
         <load_address>0xb77c</load_address>
         <run_address>0xb77c</run_address>
         <size>0x200</size>
         <input_file_ref idref="fl-2"/>
      </object_component>
      <object_component id="oc-25">
         <name>.const:s_vim_init</name>
         <load_address>0xb97c</load_address>
         <run_address>0xb97c</run_address>
         <size>0x200</size>
         <input_file_ref idref="fl-15"/>
      </object_component>
      <object_component id="oc-325">
         <name>.const:.string:_ctypes_</name>
         <load_address>0xbb7c</load_address>
         <run_address>0xbb7c</run_address>
         <size>0x101</size>
         <input_file_ref idref="fl-28"/>
      </object_component>
      <object_component id="oc-53a">
         <name>.cinit..data.load</name>
         <load_address>0xbc80</load_address>
         <run_address>0xbc80</run_address>
         <size>0x73</size>
      </object_component>
      <object_component id="oc-537">
         <name>__TI_handler_table</name>
         <load_address>0xbcf4</load_address>
         <run_address>0xbcf4</run_address>
         <size>0xc</size>
      </object_component>
      <object_component id="oc-539">
         <name>.cinit..bss.load</name>
         <load_address>0xbd00</load_address>
         <run_address>0xbd00</run_address>
         <size>0x8</size>
      </object_component>
      <object_component id="oc-538">
         <name>__TI_cinit_table</name>
         <load_address>0xbd08</load_address>
         <run_address>0xbd08</run_address>
         <size>0x10</size>
      </object_component>
      <object_component id="oc-a1">
         <name>.bss:g_sciTransfer_t</name>
         <uninitialized>true</uninitialized>
         <run_address>0x8001f00</run_address>
         <size>0x28</size>
         <input_file_ref idref="fl-9"/>
      </object_component>
      <object_component id="oc-4d1">
         <name>.bss:_CIOBUF_</name>
         <uninitialized>true</uninitialized>
         <run_address>0x8001d00</run_address>
         <size>0x120</size>
         <input_file_ref idref="fl-44"/>
      </object_component>
      <object_component id="oc-20e">
         <name>.common:response_frame2</name>
         <uninitialized>true</uninitialized>
         <run_address>0x8001f50</run_address>
         <size>0x28</size>
      </object_component>
      <object_component id="oc-216">
         <name>.common:fault_frame</name>
         <uninitialized>true</uninitialized>
         <run_address>0x8001f28</run_address>
         <size>0x28</size>
      </object_component>
      <object_component id="oc-211">
         <name>.common:bBuf</name>
         <uninitialized>true</uninitialized>
         <run_address>0x8001f78</run_address>
         <size>0x8</size>
      </object_component>
      <object_component id="oc-212">
         <name>.common:pFrame</name>
         <uninitialized>true</uninitialized>
         <run_address>0x8001ec0</run_address>
         <size>0x40</size>
      </object_component>
      <object_component id="oc-49e">
         <name>.common:__TI_tmpnams</name>
         <uninitialized>true</uninitialized>
         <run_address>0x8001e20</run_address>
         <size>0xa0</size>
      </object_component>
      <object_component id="oc-4af">
         <name>.common:parmbuf</name>
         <uninitialized>true</uninitialized>
         <run_address>0x8001f80</run_address>
         <size>0x8</size>
      </object_component>
      <object_component id="oc-20b">
         <name>.data</name>
         <load_address>0x8002140</load_address>
         <run_address>0x8002140</run_address>
         <size>0x1c</size>
         <input_file_ref idref="fl-2"/>
      </object_component>
      <object_component id="oc-14f">
         <name>.data</name>
         <load_address>0x800218c</load_address>
         <run_address>0x800218c</run_address>
         <size>0x8</size>
         <input_file_ref idref="fl-d"/>
      </object_component>
      <object_component id="oc-249">
         <name>.data:$O1$$</name>
         <load_address>0x800216c</load_address>
         <run_address>0x800216c</run_address>
         <size>0xc</size>
         <input_file_ref idref="fl-22"/>
      </object_component>
      <object_component id="oc-223">
         <name>.data:$O1$$</name>
         <load_address>0x8002184</load_address>
         <run_address>0x8002184</run_address>
         <size>0x8</size>
         <input_file_ref idref="fl-23"/>
      </object_component>
      <object_component id="oc-226">
         <name>.data:_ftable</name>
         <load_address>0x8001f88</load_address>
         <run_address>0x8001f88</run_address>
         <size>0xf0</size>
         <input_file_ref idref="fl-29"/>
      </object_component>
      <object_component id="oc-459">
         <name>.data</name>
         <load_address>0x800215c</load_address>
         <run_address>0x800215c</run_address>
         <size>0x10</size>
         <input_file_ref idref="fl-29"/>
      </object_component>
      <object_component id="oc-427">
         <name>.data:_device</name>
         <load_address>0x8002078</load_address>
         <run_address>0x8002078</run_address>
         <size>0x78</size>
         <input_file_ref idref="fl-31"/>
      </object_component>
      <object_component id="oc-3e7">
         <name>.data:_stream</name>
         <load_address>0x80020f0</load_address>
         <run_address>0x80020f0</run_address>
         <size>0x50</size>
         <input_file_ref idref="fl-31"/>
      </object_component>
      <object_component id="oc-36d">
         <name>.data</name>
         <load_address>0x8002194</load_address>
         <run_address>0x8002194</run_address>
         <size>0x4</size>
         <input_file_ref idref="fl-37"/>
      </object_component>
      <object_component id="oc-44e">
         <name>.data:$O1$$</name>
         <load_address>0x8002178</load_address>
         <run_address>0x8002178</run_address>
         <size>0xc</size>
         <input_file_ref idref="fl-45"/>
      </object_component>
      <object_component id="oc-4b">
         <name>.sysmem</name>
         <uninitialized>true</uninitialized>
         <run_address>0x8001500</run_address>
         <size>0x8</size>
         <input_file_ref idref="fl-45"/>
      </object_component>
      <object_component id="oc-53b">
         <name>.sysmem</name>
         <uninitialized>true</uninitialized>
         <run_address>0x8001500</run_address>
         <size>0x0</size>
      </object_component>
      <object_component id="oc-20f">
         <name>.debug_info</name>
         <load_address>0x0</load_address>
         <run_address>0x0</run_address>
         <size>0x656</size>
         <input_file_ref idref="fl-2"/>
      </object_component>
      <object_component id="oc-20c">
         <name>.debug_info</name>
         <load_address>0x656</load_address>
         <run_address>0x656</run_address>
         <size>0x1b7</size>
         <input_file_ref idref="fl-2"/>
      </object_component>
      <object_component id="oc-214">
         <name>.debug_info</name>
         <load_address>0x80d</load_address>
         <run_address>0x80d</run_address>
         <size>0xeb</size>
         <input_file_ref idref="fl-2"/>
      </object_component>
      <object_component id="oc-131">
         <name>.debug_info</name>
         <load_address>0x8f8</load_address>
         <run_address>0x8f8</run_address>
         <size>0x13d4</size>
         <input_file_ref idref="fl-2"/>
      </object_component>
      <object_component id="oc-23e">
         <name>.debug_info</name>
         <load_address>0x1ccc</load_address>
         <run_address>0x1ccc</run_address>
         <size>0x306</size>
         <input_file_ref idref="fl-2"/>
      </object_component>
      <object_component id="oc-160">
         <name>.debug_info</name>
         <load_address>0x1fd2</load_address>
         <run_address>0x1fd2</run_address>
         <size>0x26b</size>
         <input_file_ref idref="fl-2"/>
      </object_component>
      <object_component id="oc-98">
         <name>.debug_info</name>
         <load_address>0x223d</load_address>
         <run_address>0x223d</run_address>
         <size>0x157</size>
         <input_file_ref idref="fl-2"/>
      </object_component>
      <object_component id="oc-13d">
         <name>.debug_info</name>
         <load_address>0x2394</load_address>
         <run_address>0x2394</run_address>
         <size>0x8b</size>
         <input_file_ref idref="fl-2"/>
      </object_component>
      <object_component id="oc-258">
         <name>.debug_info</name>
         <load_address>0x241f</load_address>
         <run_address>0x241f</run_address>
         <size>0x297</size>
         <input_file_ref idref="fl-2"/>
      </object_component>
      <object_component id="oc-159">
         <name>.debug_info</name>
         <load_address>0x26b6</load_address>
         <run_address>0x26b6</run_address>
         <size>0xbb</size>
         <input_file_ref idref="fl-2"/>
      </object_component>
      <object_component id="oc-218">
         <name>.debug_info</name>
         <load_address>0x2771</load_address>
         <run_address>0x2771</run_address>
         <size>0x46</size>
         <input_file_ref idref="fl-2"/>
      </object_component>
      <object_component id="oc-19f">
         <name>.debug_info</name>
         <load_address>0x27b7</load_address>
         <run_address>0x27b7</run_address>
         <size>0x2c</size>
         <input_file_ref idref="fl-2"/>
      </object_component>
      <object_component id="oc-b3">
         <name>.debug_info</name>
         <load_address>0x27e3</load_address>
         <run_address>0x27e3</run_address>
         <size>0x86</size>
         <input_file_ref idref="fl-2"/>
      </object_component>
      <object_component id="oc-205">
         <name>.debug_info</name>
         <load_address>0x2869</load_address>
         <run_address>0x2869</run_address>
         <size>0x1d4</size>
         <input_file_ref idref="fl-2"/>
      </object_component>
      <object_component id="oc-16f">
         <name>.debug_info</name>
         <load_address>0x2a3d</load_address>
         <run_address>0x2a3d</run_address>
         <size>0x1f9</size>
         <input_file_ref idref="fl-2"/>
      </object_component>
      <object_component id="oc-286">
         <name>.debug_info</name>
         <load_address>0x2c36</load_address>
         <run_address>0x2c36</run_address>
         <size>0x12a</size>
         <input_file_ref idref="fl-2"/>
      </object_component>
      <object_component id="oc-243">
         <name>.debug_info</name>
         <load_address>0x2d60</load_address>
         <run_address>0x2d60</run_address>
         <size>0x243</size>
         <input_file_ref idref="fl-2"/>
      </object_component>
      <object_component id="oc-264">
         <name>.debug_info</name>
         <load_address>0x2fa3</load_address>
         <run_address>0x2fa3</run_address>
         <size>0x18e</size>
         <input_file_ref idref="fl-2"/>
      </object_component>
      <object_component id="oc-a8">
         <name>.debug_info</name>
         <load_address>0x3131</load_address>
         <run_address>0x3131</run_address>
         <size>0x105</size>
         <input_file_ref idref="fl-3"/>
      </object_component>
      <object_component id="oc-ed">
         <name>.debug_info</name>
         <load_address>0x3236</load_address>
         <run_address>0x3236</run_address>
         <size>0x319</size>
         <input_file_ref idref="fl-4"/>
      </object_component>
      <object_component id="oc-83">
         <name>.debug_info</name>
         <load_address>0x354f</load_address>
         <run_address>0x354f</run_address>
         <size>0xb2e</size>
         <input_file_ref idref="fl-4"/>
      </object_component>
      <object_component id="oc-20">
         <name>.debug_info</name>
         <load_address>0x407d</load_address>
         <run_address>0x407d</run_address>
         <size>0x18e</size>
         <input_file_ref idref="fl-4"/>
      </object_component>
      <object_component id="oc-ae">
         <name>.debug_info</name>
         <load_address>0x420b</load_address>
         <run_address>0x420b</run_address>
         <size>0x18c</size>
         <input_file_ref idref="fl-4"/>
      </object_component>
      <object_component id="oc-165">
         <name>.debug_info</name>
         <load_address>0x4397</load_address>
         <run_address>0x4397</run_address>
         <size>0x1de</size>
         <input_file_ref idref="fl-4"/>
      </object_component>
      <object_component id="oc-e8">
         <name>.debug_info</name>
         <load_address>0x4575</load_address>
         <run_address>0x4575</run_address>
         <size>0x129</size>
         <input_file_ref idref="fl-4"/>
      </object_component>
      <object_component id="oc-17e">
         <name>.debug_info</name>
         <load_address>0x469e</load_address>
         <run_address>0x469e</run_address>
         <size>0x2d0</size>
         <input_file_ref idref="fl-4"/>
      </object_component>
      <object_component id="oc-1fc">
         <name>.debug_info</name>
         <load_address>0x496e</load_address>
         <run_address>0x496e</run_address>
         <size>0x29c</size>
         <input_file_ref idref="fl-5"/>
      </object_component>
      <object_component id="oc-11f">
         <name>.debug_info</name>
         <load_address>0x4c0a</load_address>
         <run_address>0x4c0a</run_address>
         <size>0x6e6</size>
         <input_file_ref idref="fl-5"/>
      </object_component>
      <object_component id="oc-153">
         <name>.debug_info</name>
         <load_address>0x52f0</load_address>
         <run_address>0x52f0</run_address>
         <size>0x502</size>
         <input_file_ref idref="fl-6"/>
      </object_component>
      <object_component id="oc-94">
         <name>.debug_info</name>
         <load_address>0x57f2</load_address>
         <run_address>0x57f2</run_address>
         <size>0x7cb</size>
         <input_file_ref idref="fl-6"/>
      </object_component>
      <object_component id="oc-1ab">
         <name>.debug_info</name>
         <load_address>0x5fbd</load_address>
         <run_address>0x5fbd</run_address>
         <size>0x791</size>
         <input_file_ref idref="fl-6"/>
      </object_component>
      <object_component id="oc-1b0">
         <name>.debug_info</name>
         <load_address>0x674e</load_address>
         <run_address>0x674e</run_address>
         <size>0x4de</size>
         <input_file_ref idref="fl-6"/>
      </object_component>
      <object_component id="oc-1b5">
         <name>.debug_info</name>
         <load_address>0x6c2c</load_address>
         <run_address>0x6c2c</run_address>
         <size>0x3ce</size>
         <input_file_ref idref="fl-6"/>
      </object_component>
      <object_component id="oc-253">
         <name>.debug_info</name>
         <load_address>0x6ffa</load_address>
         <run_address>0x6ffa</run_address>
         <size>0x7cd</size>
         <input_file_ref idref="fl-6"/>
      </object_component>
      <object_component id="oc-154">
         <name>.debug_info</name>
         <load_address>0x77c7</load_address>
         <run_address>0x77c7</run_address>
         <size>0x673</size>
         <input_file_ref idref="fl-6"/>
      </object_component>
      <object_component id="oc-1ba">
         <name>.debug_info</name>
         <load_address>0x7e3a</load_address>
         <run_address>0x7e3a</run_address>
         <size>0x437</size>
         <input_file_ref idref="fl-6"/>
      </object_component>
      <object_component id="oc-1e5">
         <name>.debug_info</name>
         <load_address>0x8271</load_address>
         <run_address>0x8271</run_address>
         <size>0x37b</size>
         <input_file_ref idref="fl-6"/>
      </object_component>
      <object_component id="oc-1bf">
         <name>.debug_info</name>
         <load_address>0x85ec</load_address>
         <run_address>0x85ec</run_address>
         <size>0x1ca</size>
         <input_file_ref idref="fl-6"/>
      </object_component>
      <object_component id="oc-16a">
         <name>.debug_info</name>
         <load_address>0x87b6</load_address>
         <run_address>0x87b6</run_address>
         <size>0x435</size>
         <input_file_ref idref="fl-6"/>
      </object_component>
      <object_component id="oc-1d8">
         <name>.debug_info</name>
         <load_address>0x8beb</load_address>
         <run_address>0x8beb</run_address>
         <size>0x551</size>
         <input_file_ref idref="fl-6"/>
      </object_component>
      <object_component id="oc-1c4">
         <name>.debug_info</name>
         <load_address>0x913c</load_address>
         <run_address>0x913c</run_address>
         <size>0x3d3</size>
         <input_file_ref idref="fl-6"/>
      </object_component>
      <object_component id="oc-1ce">
         <name>.debug_info</name>
         <load_address>0x950f</load_address>
         <run_address>0x950f</run_address>
         <size>0x1de</size>
         <input_file_ref idref="fl-6"/>
      </object_component>
      <object_component id="oc-1dd">
         <name>.debug_info</name>
         <load_address>0x96ed</load_address>
         <run_address>0x96ed</run_address>
         <size>0x17a</size>
         <input_file_ref idref="fl-6"/>
      </object_component>
      <object_component id="oc-174">
         <name>.debug_info</name>
         <load_address>0x9867</load_address>
         <run_address>0x9867</run_address>
         <size>0x6a6</size>
         <input_file_ref idref="fl-6"/>
      </object_component>
      <object_component id="oc-179">
         <name>.debug_info</name>
         <load_address>0x9f0d</load_address>
         <run_address>0x9f0d</run_address>
         <size>0x13e</size>
         <input_file_ref idref="fl-6"/>
      </object_component>
      <object_component id="oc-1a8">
         <name>.debug_info</name>
         <load_address>0xa04b</load_address>
         <run_address>0xa04b</run_address>
         <size>0x283</size>
         <input_file_ref idref="fl-7"/>
      </object_component>
      <object_component id="oc-d9">
         <name>.debug_info</name>
         <load_address>0xa2ce</load_address>
         <run_address>0xa2ce</run_address>
         <size>0x1ec</size>
         <input_file_ref idref="fl-7"/>
      </object_component>
      <object_component id="oc-1c9">
         <name>.debug_info</name>
         <load_address>0xa4ba</load_address>
         <run_address>0xa4ba</run_address>
         <size>0x508</size>
         <input_file_ref idref="fl-7"/>
      </object_component>
      <object_component id="oc-26b">
         <name>.debug_info</name>
         <load_address>0xa9c2</load_address>
         <run_address>0xa9c2</run_address>
         <size>0x43c</size>
         <input_file_ref idref="fl-7"/>
      </object_component>
      <object_component id="oc-20a">
         <name>.debug_info</name>
         <load_address>0xadfe</load_address>
         <run_address>0xadfe</run_address>
         <size>0x2ec</size>
         <input_file_ref idref="fl-8"/>
      </object_component>
      <object_component id="oc-12b">
         <name>.debug_info</name>
         <load_address>0xb0ea</load_address>
         <run_address>0xb0ea</run_address>
         <size>0xd2a</size>
         <input_file_ref idref="fl-8"/>
      </object_component>
      <object_component id="oc-29">
         <name>.debug_info</name>
         <load_address>0xbe14</load_address>
         <run_address>0xbe14</run_address>
         <size>0x148</size>
         <input_file_ref idref="fl-8"/>
      </object_component>
      <object_component id="oc-18a">
         <name>.debug_info</name>
         <load_address>0xbf5c</load_address>
         <run_address>0xbf5c</run_address>
         <size>0x31e</size>
         <input_file_ref idref="fl-9"/>
      </object_component>
      <object_component id="oc-a2">
         <name>.debug_info</name>
         <load_address>0xc27a</load_address>
         <run_address>0xc27a</run_address>
         <size>0xed</size>
         <input_file_ref idref="fl-9"/>
      </object_component>
      <object_component id="oc-125">
         <name>.debug_info</name>
         <load_address>0xc367</load_address>
         <run_address>0xc367</run_address>
         <size>0xd08</size>
         <input_file_ref idref="fl-9"/>
      </object_component>
      <object_component id="oc-2f">
         <name>.debug_info</name>
         <load_address>0xd06f</load_address>
         <run_address>0xd06f</run_address>
         <size>0x220</size>
         <input_file_ref idref="fl-9"/>
      </object_component>
      <object_component id="oc-25f">
         <name>.debug_info</name>
         <load_address>0xd28f</load_address>
         <run_address>0xd28f</run_address>
         <size>0x91</size>
         <input_file_ref idref="fl-9"/>
      </object_component>
      <object_component id="oc-72">
         <name>.debug_info</name>
         <load_address>0xd320</load_address>
         <run_address>0xd320</run_address>
         <size>0x7fa</size>
         <input_file_ref idref="fl-a"/>
      </object_component>
      <object_component id="oc-35">
         <name>.debug_info</name>
         <load_address>0xdb1a</load_address>
         <run_address>0xdb1a</run_address>
         <size>0x10d</size>
         <input_file_ref idref="fl-c"/>
      </object_component>
      <object_component id="oc-142">
         <name>.debug_info</name>
         <load_address>0xdc27</load_address>
         <run_address>0xdc27</run_address>
         <size>0x5af</size>
         <input_file_ref idref="fl-d"/>
      </object_component>
      <object_component id="oc-150">
         <name>.debug_info</name>
         <load_address>0xe1d6</load_address>
         <run_address>0xe1d6</run_address>
         <size>0x112</size>
         <input_file_ref idref="fl-d"/>
      </object_component>
      <object_component id="oc-8a">
         <name>.debug_info</name>
         <load_address>0xe2e8</load_address>
         <run_address>0xe2e8</run_address>
         <size>0x36e</size>
         <input_file_ref idref="fl-d"/>
      </object_component>
      <object_component id="oc-237">
         <name>.debug_info</name>
         <load_address>0xe656</load_address>
         <run_address>0xe656</run_address>
         <size>0x2c</size>
         <input_file_ref idref="fl-d"/>
      </object_component>
      <object_component id="oc-270">
         <name>.debug_info</name>
         <load_address>0xe682</load_address>
         <run_address>0xe682</run_address>
         <size>0x2a2</size>
         <input_file_ref idref="fl-f"/>
      </object_component>
      <object_component id="oc-30b">
         <name>.debug_info</name>
         <load_address>0xe924</load_address>
         <run_address>0xe924</run_address>
         <size>0x242</size>
         <input_file_ref idref="fl-f"/>
      </object_component>
      <object_component id="oc-1d3">
         <name>.debug_info</name>
         <load_address>0xeb66</load_address>
         <run_address>0xeb66</run_address>
         <size>0x2af</size>
         <input_file_ref idref="fl-f"/>
      </object_component>
      <object_component id="oc-3a">
         <name>.debug_info</name>
         <load_address>0xee15</load_address>
         <run_address>0xee15</run_address>
         <size>0x13f</size>
         <input_file_ref idref="fl-10"/>
      </object_component>
      <object_component id="oc-e2">
         <name>.debug_info</name>
         <load_address>0xef54</load_address>
         <run_address>0xef54</run_address>
         <size>0x36c</size>
         <input_file_ref idref="fl-12"/>
      </object_component>
      <object_component id="oc-e6">
         <name>.debug_info</name>
         <load_address>0xf2c0</load_address>
         <run_address>0xf2c0</run_address>
         <size>0x672</size>
         <input_file_ref idref="fl-13"/>
      </object_component>
      <object_component id="oc-7e">
         <name>.debug_info</name>
         <load_address>0xf932</load_address>
         <run_address>0xf932</run_address>
         <size>0x2e91</size>
         <input_file_ref idref="fl-13"/>
      </object_component>
      <object_component id="oc-1a">
         <name>.debug_info</name>
         <load_address>0x127c3</load_address>
         <run_address>0x127c3</run_address>
         <size>0x5aa</size>
         <input_file_ref idref="fl-14"/>
      </object_component>
      <object_component id="oc-9f">
         <name>.debug_info</name>
         <load_address>0x12d6d</load_address>
         <run_address>0x12d6d</run_address>
         <size>0x4ae</size>
         <input_file_ref idref="fl-15"/>
      </object_component>
      <object_component id="oc-26">
         <name>.debug_info</name>
         <load_address>0x1321b</load_address>
         <run_address>0x1321b</run_address>
         <size>0xe7</size>
         <input_file_ref idref="fl-15"/>
      </object_component>
      <object_component id="oc-46">
         <name>.debug_info</name>
         <load_address>0x13302</load_address>
         <run_address>0x13302</run_address>
         <size>0x479</size>
         <input_file_ref idref="fl-15"/>
      </object_component>
      <object_component id="oc-41">
         <name>.debug_info</name>
         <load_address>0x1377b</load_address>
         <run_address>0x1377b</run_address>
         <size>0x202</size>
         <input_file_ref idref="fl-15"/>
      </object_component>
      <object_component id="oc-183">
         <name>.debug_info</name>
         <load_address>0x1397d</load_address>
         <run_address>0x1397d</run_address>
         <size>0x4f</size>
         <input_file_ref idref="fl-15"/>
      </object_component>
      <object_component id="oc-df">
         <name>.debug_info</name>
         <load_address>0x139cc</load_address>
         <run_address>0x139cc</run_address>
         <size>0x51f</size>
         <input_file_ref idref="fl-16"/>
      </object_component>
      <object_component id="oc-77">
         <name>.debug_info</name>
         <load_address>0x13eeb</load_address>
         <run_address>0x13eeb</run_address>
         <size>0x738</size>
         <input_file_ref idref="fl-16"/>
      </object_component>
      <object_component id="oc-291">
         <name>.debug_info</name>
         <load_address>0x14623</load_address>
         <run_address>0x14623</run_address>
         <size>0x284</size>
         <input_file_ref idref="fl-1b"/>
      </object_component>
      <object_component id="oc-1fe">
         <name>.debug_info</name>
         <load_address>0x148a7</load_address>
         <run_address>0x148a7</run_address>
         <size>0x195</size>
         <input_file_ref idref="fl-1b"/>
      </object_component>
      <object_component id="oc-54">
         <name>.debug_info</name>
         <load_address>0x14a3c</load_address>
         <run_address>0x14a3c</run_address>
         <size>0x84</size>
         <input_file_ref idref="fl-1b"/>
      </object_component>
      <object_component id="oc-31c">
         <name>.debug_info</name>
         <load_address>0x14ac0</load_address>
         <run_address>0x14ac0</run_address>
         <size>0x46</size>
         <input_file_ref idref="fl-1b"/>
      </object_component>
      <object_component id="oc-28c">
         <name>.debug_info</name>
         <load_address>0x14b06</load_address>
         <run_address>0x14b06</run_address>
         <size>0x39</size>
         <input_file_ref idref="fl-1b"/>
      </object_component>
      <object_component id="oc-d4">
         <name>.debug_info</name>
         <load_address>0x14b3f</load_address>
         <run_address>0x14b3f</run_address>
         <size>0x13f</size>
         <input_file_ref idref="fl-1c"/>
      </object_component>
      <object_component id="oc-1ed">
         <name>.debug_info</name>
         <load_address>0x14c7e</load_address>
         <run_address>0x14c7e</run_address>
         <size>0x547</size>
         <input_file_ref idref="fl-1d"/>
      </object_component>
      <object_component id="oc-ef">
         <name>.debug_info</name>
         <load_address>0x151c5</load_address>
         <run_address>0x151c5</run_address>
         <size>0x19b</size>
         <input_file_ref idref="fl-1d"/>
      </object_component>
      <object_component id="oc-273">
         <name>.debug_info</name>
         <load_address>0x15360</load_address>
         <run_address>0x15360</run_address>
         <size>0x39</size>
         <input_file_ref idref="fl-1d"/>
      </object_component>
      <object_component id="oc-310">
         <name>.debug_info</name>
         <load_address>0x15399</load_address>
         <run_address>0x15399</run_address>
         <size>0x39</size>
         <input_file_ref idref="fl-1d"/>
      </object_component>
      <object_component id="oc-278">
         <name>.debug_info</name>
         <load_address>0x153d2</load_address>
         <run_address>0x153d2</run_address>
         <size>0x39</size>
         <input_file_ref idref="fl-1d"/>
      </object_component>
      <object_component id="oc-27d">
         <name>.debug_info</name>
         <load_address>0x1540b</load_address>
         <run_address>0x1540b</run_address>
         <size>0xcd</size>
         <input_file_ref idref="fl-1d"/>
      </object_component>
      <object_component id="oc-d0">
         <name>.debug_info</name>
         <load_address>0x154d8</load_address>
         <run_address>0x154d8</run_address>
         <size>0x313</size>
         <input_file_ref idref="fl-1f"/>
      </object_component>
      <object_component id="oc-67">
         <name>.debug_info</name>
         <load_address>0x157eb</load_address>
         <run_address>0x157eb</run_address>
         <size>0x1b4</size>
         <input_file_ref idref="fl-1f"/>
      </object_component>
      <object_component id="oc-cb">
         <name>.debug_info</name>
         <load_address>0x1599f</load_address>
         <run_address>0x1599f</run_address>
         <size>0x46</size>
         <input_file_ref idref="fl-1f"/>
      </object_component>
      <object_component id="oc-64">
         <name>.debug_info</name>
         <load_address>0x159e5</load_address>
         <run_address>0x159e5</run_address>
         <size>0x298</size>
         <input_file_ref idref="fl-20"/>
      </object_component>
      <object_component id="oc-14">
         <name>.debug_info</name>
         <load_address>0x15c7d</load_address>
         <run_address>0x15c7d</run_address>
         <size>0x1ca</size>
         <input_file_ref idref="fl-20"/>
      </object_component>
      <object_component id="oc-5f">
         <name>.debug_info</name>
         <load_address>0x15e47</load_address>
         <run_address>0x15e47</run_address>
         <size>0x46</size>
         <input_file_ref idref="fl-20"/>
      </object_component>
      <object_component id="oc-c3">
         <name>.debug_info</name>
         <load_address>0x15e8d</load_address>
         <run_address>0x15e8d</run_address>
         <size>0x2c</size>
         <input_file_ref idref="fl-20"/>
      </object_component>
      <object_component id="oc-c1">
         <name>.debug_info</name>
         <load_address>0x15eb9</load_address>
         <run_address>0x15eb9</run_address>
         <size>0x293</size>
         <input_file_ref idref="fl-21"/>
      </object_component>
      <object_component id="oc-d">
         <name>.debug_info</name>
         <load_address>0x1614c</load_address>
         <run_address>0x1614c</run_address>
         <size>0x245</size>
         <input_file_ref idref="fl-21"/>
      </object_component>
      <object_component id="oc-4f">
         <name>.debug_info</name>
         <load_address>0x16391</load_address>
         <run_address>0x16391</run_address>
         <size>0x60</size>
         <input_file_ref idref="fl-21"/>
      </object_component>
      <object_component id="oc-198">
         <name>.debug_info</name>
         <load_address>0x163f1</load_address>
         <run_address>0x163f1</run_address>
         <size>0x46</size>
         <input_file_ref idref="fl-21"/>
      </object_component>
      <object_component id="oc-bc">
         <name>.debug_info</name>
         <load_address>0x16437</load_address>
         <run_address>0x16437</run_address>
         <size>0x39</size>
         <input_file_ref idref="fl-21"/>
      </object_component>
      <object_component id="oc-24d">
         <name>.debug_info</name>
         <load_address>0x16470</load_address>
         <run_address>0x16470</run_address>
         <size>0x3a2</size>
         <input_file_ref idref="fl-22"/>
      </object_component>
      <object_component id="oc-24a">
         <name>.debug_info</name>
         <load_address>0x16812</load_address>
         <run_address>0x16812</run_address>
         <size>0x185</size>
         <input_file_ref idref="fl-22"/>
      </object_component>
      <object_component id="oc-144">
         <name>.debug_info</name>
         <load_address>0x16997</load_address>
         <run_address>0x16997</run_address>
         <size>0x117</size>
         <input_file_ref idref="fl-22"/>
      </object_component>
      <object_component id="oc-14a">
         <name>.debug_info</name>
         <load_address>0x16aae</load_address>
         <run_address>0x16aae</run_address>
         <size>0x179</size>
         <input_file_ref idref="fl-22"/>
      </object_component>
      <object_component id="oc-2ea">
         <name>.debug_info</name>
         <load_address>0x16c27</load_address>
         <run_address>0x16c27</run_address>
         <size>0x2be</size>
         <input_file_ref idref="fl-23"/>
      </object_component>
      <object_component id="oc-224">
         <name>.debug_info</name>
         <load_address>0x16ee5</load_address>
         <run_address>0x16ee5</run_address>
         <size>0x113</size>
         <input_file_ref idref="fl-23"/>
      </object_component>
      <object_component id="oc-2e4">
         <name>.debug_info</name>
         <load_address>0x16ff8</load_address>
         <run_address>0x16ff8</run_address>
         <size>0x123</size>
         <input_file_ref idref="fl-23"/>
      </object_component>
      <object_component id="oc-236">
         <name>.debug_info</name>
         <load_address>0x1711b</load_address>
         <run_address>0x1711b</run_address>
         <size>0x3da</size>
         <input_file_ref idref="fl-24"/>
      </object_component>
      <object_component id="oc-231">
         <name>.debug_info</name>
         <load_address>0x174f5</load_address>
         <run_address>0x174f5</run_address>
         <size>0x14c</size>
         <input_file_ref idref="fl-24"/>
      </object_component>
      <object_component id="oc-22b">
         <name>.debug_info</name>
         <load_address>0x17641</load_address>
         <run_address>0x17641</run_address>
         <size>0x15b</size>
         <input_file_ref idref="fl-24"/>
      </object_component>
      <object_component id="oc-137">
         <name>.debug_info</name>
         <load_address>0x1779c</load_address>
         <run_address>0x1779c</run_address>
         <size>0x1a1</size>
         <input_file_ref idref="fl-24"/>
      </object_component>
      <object_component id="oc-300">
         <name>.debug_info</name>
         <load_address>0x1793d</load_address>
         <run_address>0x1793d</run_address>
         <size>0xb2</size>
         <input_file_ref idref="fl-24"/>
      </object_component>
      <object_component id="oc-5a">
         <name>.debug_info</name>
         <load_address>0x179ef</load_address>
         <run_address>0x179ef</run_address>
         <size>0x111</size>
         <input_file_ref idref="fl-25"/>
      </object_component>
      <object_component id="oc-2d7">
         <name>.debug_info</name>
         <load_address>0x17b00</load_address>
         <run_address>0x17b00</run_address>
         <size>0x8a6</size>
         <input_file_ref idref="fl-26"/>
      </object_component>
      <object_component id="oc-2a8">
         <name>.debug_info</name>
         <load_address>0x183a6</load_address>
         <run_address>0x183a6</run_address>
         <size>0x20e</size>
         <input_file_ref idref="fl-26"/>
      </object_component>
      <object_component id="oc-338">
         <name>.debug_info</name>
         <load_address>0x185b4</load_address>
         <run_address>0x185b4</run_address>
         <size>0x1a8</size>
         <input_file_ref idref="fl-26"/>
      </object_component>
      <object_component id="oc-33e">
         <name>.debug_info</name>
         <load_address>0x1875c</load_address>
         <run_address>0x1875c</run_address>
         <size>0x210</size>
         <input_file_ref idref="fl-26"/>
      </object_component>
      <object_component id="oc-2ae">
         <name>.debug_info</name>
         <load_address>0x1896c</load_address>
         <run_address>0x1896c</run_address>
         <size>0x2b9</size>
         <input_file_ref idref="fl-26"/>
      </object_component>
      <object_component id="oc-345">
         <name>.debug_info</name>
         <load_address>0x18c25</load_address>
         <run_address>0x18c25</run_address>
         <size>0x219</size>
         <input_file_ref idref="fl-26"/>
      </object_component>
      <object_component id="oc-34b">
         <name>.debug_info</name>
         <load_address>0x18e3e</load_address>
         <run_address>0x18e3e</run_address>
         <size>0x20a</size>
         <input_file_ref idref="fl-26"/>
      </object_component>
      <object_component id="oc-2b4">
         <name>.debug_info</name>
         <load_address>0x19048</load_address>
         <run_address>0x19048</run_address>
         <size>0x20a</size>
         <input_file_ref idref="fl-26"/>
      </object_component>
      <object_component id="oc-2ba">
         <name>.debug_info</name>
         <load_address>0x19252</load_address>
         <run_address>0x19252</run_address>
         <size>0x235</size>
         <input_file_ref idref="fl-26"/>
      </object_component>
      <object_component id="oc-2c0">
         <name>.debug_info</name>
         <load_address>0x19487</load_address>
         <run_address>0x19487</run_address>
         <size>0x34e</size>
         <input_file_ref idref="fl-26"/>
      </object_component>
      <object_component id="oc-21f">
         <name>.debug_info</name>
         <load_address>0x197d5</load_address>
         <run_address>0x197d5</run_address>
         <size>0x5a3</size>
         <input_file_ref idref="fl-26"/>
      </object_component>
      <object_component id="oc-2d8">
         <name>.debug_info</name>
         <load_address>0x19d78</load_address>
         <run_address>0x19d78</run_address>
         <size>0x86</size>
         <input_file_ref idref="fl-26"/>
      </object_component>
      <object_component id="oc-379">
         <name>.debug_info</name>
         <load_address>0x19dfe</load_address>
         <run_address>0x19dfe</run_address>
         <size>0x39</size>
         <input_file_ref idref="fl-26"/>
      </object_component>
      <object_component id="oc-3d0">
         <name>.debug_info</name>
         <load_address>0x19e37</load_address>
         <run_address>0x19e37</run_address>
         <size>0xb6</size>
         <input_file_ref idref="fl-26"/>
      </object_component>
      <object_component id="oc-37e">
         <name>.debug_info</name>
         <load_address>0x19eed</load_address>
         <run_address>0x19eed</run_address>
         <size>0x46</size>
         <input_file_ref idref="fl-26"/>
      </object_component>
      <object_component id="oc-2dd">
         <name>.debug_info</name>
         <load_address>0x19f33</load_address>
         <run_address>0x19f33</run_address>
         <size>0x46</size>
         <input_file_ref idref="fl-26"/>
      </object_component>
      <object_component id="oc-374">
         <name>.debug_info</name>
         <load_address>0x19f79</load_address>
         <run_address>0x19f79</run_address>
         <size>0x2c</size>
         <input_file_ref idref="fl-26"/>
      </object_component>
      <object_component id="oc-329">
         <name>.debug_info</name>
         <load_address>0x19fa5</load_address>
         <run_address>0x19fa5</run_address>
         <size>0x2ae</size>
         <input_file_ref idref="fl-27"/>
      </object_component>
      <object_component id="oc-2a1">
         <name>.debug_info</name>
         <load_address>0x1a253</load_address>
         <run_address>0x1a253</run_address>
         <size>0x171</size>
         <input_file_ref idref="fl-27"/>
      </object_component>
[...]
         <name>pbistFail</name>
         <value>0x23ec</value>
         <object_component_ref idref="oc-7c"/>
      </symbol>
      <symbol id="sm-651">
         <name>selftestFailNotification</name>
         <value>0x20</value>
         <object_component_ref idref="oc-7c"/>
      </symbol>
      <symbol id="sm-652">
         <name>errata_PBIST_4</name>
         <value>0x276c</value>
         <object_component_ref idref="oc-7c"/>
      </symbol>
      <symbol id="sm-653">
         <name>mibspi3ParityCheck</name>
         <value>0x178c</value>
         <object_component_ref idref="oc-7c"/>
      </symbol>
      <symbol id="sm-654">
         <name>efcSelfTest</name>
         <value>0x794</value>
         <object_component_ref idref="oc-7c"/>
      </symbol>
      <symbol id="sm-655">
         <name>checkB1RAMECC</name>
         <value>0xb28</value>
         <object_component_ref idref="oc-7c"/>
      </symbol>
      <symbol id="sm-656">
         <name>pbistStop</name>
         <value>0x578</value>
         <object_component_ref idref="oc-7c"/>
      </symbol>
      <symbol id="sm-657">
         <name>can3ParityCheck</name>
         <value>0x15b0</value>
         <object_component_ref idref="oc-7c"/>
      </symbol>
      <symbol id="sm-658">
         <name>checkRAMAddrParity</name>
         <value>0x2050</value>
         <object_component_ref idref="oc-7c"/>
      </symbol>
      <symbol id="sm-659">
         <name>mibspi5ParityCheck</name>
         <value>0x18b0</value>
         <object_component_ref idref="oc-7c"/>
      </symbol>
      <symbol id="sm-65a">
         <name>checkB0RAMECC</name>
         <value>0x938</value>
         <object_component_ref idref="oc-7c"/>
      </symbol>
      <symbol id="sm-65b">
         <name>stcGetConfigValue</name>
         <value>0x25bc</value>
         <object_component_ref idref="oc-7c"/>
      </symbol>
      <symbol id="sm-65c">
         <name>pbistIsTestPassed</name>
         <value>0x5d4</value>
         <object_component_ref idref="oc-7c"/>
      </symbol>
      <symbol id="sm-65d">
         <name>checkClockMonitor</name>
         <value>0x1c18</value>
         <object_component_ref idref="oc-7c"/>
      </symbol>
      <symbol id="sm-65e">
         <name>fmcECCcheck</name>
         <value>0x898</value>
         <object_component_ref idref="oc-7c"/>
      </symbol>
      <symbol id="sm-65f">
         <name>fmcBus2Check</name>
         <value>0x85c</value>
         <object_component_ref idref="oc-7c"/>
      </symbol>
      <symbol id="sm-660">
         <name>checkRAMUERRTest</name>
         <value>0x215c</value>
         <object_component_ref idref="oc-7c"/>
      </symbol>
      <symbol id="sm-661">
         <name>efcStuckZeroTest</name>
         <value>0x6e8</value>
         <object_component_ref idref="oc-7c"/>
      </symbol>
      <symbol id="sm-662">
         <name>checkPLL2Slip</name>
         <value>0x1f8c</value>
         <object_component_ref idref="oc-7c"/>
      </symbol>
      <symbol id="sm-68a">
         <name>_c_int00</name>
         <value>0x962c</value>
         <object_component_ref idref="oc-19"/>
      </symbol>
      <symbol id="sm-739">
         <name>vimChannelMap</name>
         <value>0x53c8</value>
         <object_component_ref idref="oc-44"/>
      </symbol>
      <symbol id="sm-73a">
         <name>vimInit</name>
         <value>0x52f4</value>
         <object_component_ref idref="oc-44"/>
      </symbol>
      <symbol id="sm-73b">
         <name>vimEnableInterrupt</name>
         <value>0x546c</value>
         <object_component_ref idref="oc-44"/>
      </symbol>
      <symbol id="sm-73c">
         <name>vimDisableInterrupt</name>
         <value>0x5634</value>
         <object_component_ref idref="oc-44"/>
      </symbol>
      <symbol id="sm-73d">
         <name>vimGetConfigValue</name>
         <value>0x56e0</value>
         <object_component_ref idref="oc-44"/>
      </symbol>
      <symbol id="sm-73e">
         <name>vimParityErrorHandler</name>
         <value>0x8e20</value>
         <object_component_ref idref="oc-3f"/>
      </symbol>
      <symbol id="sm-798">
         <name>systemGetConfigValue</name>
         <value>0x4b2c</value>
         <object_component_ref idref="oc-76"/>
      </symbol>
      <symbol id="sm-799">
         <name>trimLPO</name>
         <value>0x482c</value>
         <object_component_ref idref="oc-76"/>
      </symbol>
      <symbol id="sm-79a">
         <name>systemInit</name>
         <value>0x4a30</value>
         <object_component_ref idref="oc-76"/>
      </symbol>
      <symbol id="sm-79b">
         <name>tcmflashGetConfigValue</name>
         <value>0x4f40</value>
         <object_component_ref idref="oc-76"/>
      </symbol>
      <symbol id="sm-79c">
         <name>sramGetConfigValue</name>
         <value>0x50ec</value>
         <object_component_ref idref="oc-76"/>
      </symbol>
      <symbol id="sm-79d">
         <name>periphInit</name>
         <value>0x48b4</value>
         <object_component_ref idref="oc-76"/>
      </symbol>
      <symbol id="sm-79e">
         <name>setupFlash</name>
         <value>0x4874</value>
         <object_component_ref idref="oc-76"/>
      </symbol>
      <symbol id="sm-79f">
         <name>setupPLL</name>
         <value>0x47cc</value>
         <object_component_ref idref="oc-76"/>
      </symbol>
      <symbol id="sm-7a0">
         <name>mapClocks</name>
         <value>0x4908</value>
         <object_component_ref idref="oc-76"/>
      </symbol>
      <symbol id="sm-7a1">
         <name>systemPowerDown</name>
         <value>0x4afc</value>
         <object_component_ref idref="oc-76"/>
      </symbol>
      <symbol id="sm-7cc">
         <name>floorl</name>
         <value>0xa49d</value>
         <object_component_ref idref="oc-1fd"/>
      </symbol>
      <symbol id="sm-7cd">
         <name>floor</name>
         <value>0xa49d</value>
         <object_component_ref idref="oc-1fd"/>
      </symbol>
      <symbol id="sm-7dc">
         <name>__aeabi_memset</name>
         <value>0xab3d</value>
         <object_component_ref idref="oc-d1"/>
      </symbol>
      <symbol id="sm-7dd">
         <name>memset</name>
         <value>0xab43</value>
         <object_component_ref idref="oc-d1"/>
      </symbol>
      <symbol id="sm-7de">
         <name>__aeabi_memset8</name>
         <value>0xab3d</value>
         <object_component_ref idref="oc-d1"/>
      </symbol>
      <symbol id="sm-7df">
         <name>__aeabi_memset4</name>
         <value>0xab3d</value>
         <object_component_ref idref="oc-d1"/>
      </symbol>
      <symbol id="sm-7e0">
         <name>__aeabi_memclr8</name>
         <value>0xab3b</value>
         <object_component_ref idref="oc-d1"/>
      </symbol>
      <symbol id="sm-7e1">
         <name>__aeabi_memclr4</name>
         <value>0xab3b</value>
         <object_component_ref idref="oc-d1"/>
      </symbol>
      <symbol id="sm-7e2">
         <name>__aeabi_memclr</name>
         <value>0xab3b</value>
         <object_component_ref idref="oc-d1"/>
      </symbol>
      <symbol id="sm-80a">
         <name>__TI_auto_init_nobinit_nopinit</name>
         <value>0xb351</value>
         <object_component_ref idref="oc-ee"/>
      </symbol>
      <symbol id="sm-81f">
         <name>__TI_zero_init_nomemset</name>
         <value>0xb731</value>
         <object_component_ref idref="oc-65"/>
      </symbol>
      <symbol id="sm-836">
         <name>__TI_decompress_none</name>
         <value>0xb755</value>
         <object_component_ref idref="oc-12"/>
      </symbol>
      <symbol id="sm-859">
         <name>__TI_decompress_lzss</name>
         <value>0xad15</value>
         <object_component_ref idref="oc-c"/>
      </symbol>
      <symbol id="sm-87f">
         <name>C$$EXIT</name>
         <value>0xb775</value>
         <object_component_ref idref="oc-143"/>
      </symbol>
      <symbol id="sm-880">
         <name>abort</name>
         <value>0xb775</value>
         <object_component_ref idref="oc-143"/>
      </symbol>
      <symbol id="sm-881">
         <name>__TI_dtors_ptr</name>
         <value>0x8002170</value>
         <object_component_ref idref="oc-249"/>
      </symbol>
      <symbol id="sm-882">
         <name>__TI_cleanup_ptr</name>
         <value>0x800216c</value>
         <object_component_ref idref="oc-249"/>
      </symbol>
      <symbol id="sm-883">
         <name>__TI_enable_exit_profile_output</name>
         <value>0x8002174</value>
         <object_component_ref idref="oc-249"/>
      </symbol>
      <symbol id="sm-884">
         <name>exit</name>
         <value>0xb395</value>
         <object_component_ref idref="oc-149"/>
      </symbol>
      <symbol id="sm-899">
         <name>_nop</name>
         <value>0x677b</value>
         <object_component_ref idref="oc-2e2"/>
      </symbol>
      <symbol id="sm-89a">
         <name>_lock</name>
         <value>0x8002184</value>
         <object_component_ref idref="oc-223"/>
      </symbol>
      <symbol id="sm-89b">
         <name>_unlock</name>
         <value>0x8002188</value>
         <object_component_ref idref="oc-223"/>
      </symbol>
      <symbol id="sm-8c7">
         <name>printf</name>
         <value>0xae51</value>
         <object_component_ref idref="oc-136"/>
      </symbol>
      <symbol id="sm-8e2">
         <name>memcpy</name>
         <value>0xa993</value>
         <object_component_ref idref="oc-59"/>
      </symbol>
      <symbol id="sm-8e3">
         <name>__aeabi_memcpy</name>
         <value>0xa993</value>
         <object_component_ref idref="oc-59"/>
      </symbol>
      <symbol id="sm-8e4">
         <name>__aeabi_memcpy8</name>
         <value>0xa993</value>
         <object_component_ref idref="oc-59"/>
      </symbol>
      <symbol id="sm-8e5">
         <name>__aeabi_memcpy4</name>
         <value>0xa993</value>
         <object_component_ref idref="oc-59"/>
      </symbol>
      <symbol id="sm-a43">
         <name>__TI_printfi</name>
         <value>0x5d49</value>
         <object_component_ref idref="oc-21d"/>
      </symbol>
      <symbol id="sm-a58">
         <name>atoi</name>
         <value>0xb1e1</value>
         <object_component_ref idref="oc-2a0"/>
      </symbol>
      <symbol id="sm-a63">
         <name>_ctypes_</name>
         <value>0xbb7c</value>
         <object_component_ref idref="oc-325"/>
      </symbol>
      <symbol id="sm-a78">
         <name>__TI_tmpnams</name>
         <value>0x8001e20</value>
      </symbol>
      <symbol id="sm-a79">
         <name>__aeabi_stdout</name>
         <value>0x8002164</value>
         <object_component_ref idref="oc-459"/>
      </symbol>
      <symbol id="sm-a7a">
         <name>__aeabi_stderr</name>
         <value>0x8002168</value>
         <object_component_ref idref="oc-459"/>
      </symbol>
      <symbol id="sm-a7b">
         <name>__aeabi_stdin</name>
         <value>0x8002160</value>
         <object_component_ref idref="oc-459"/>
      </symbol>
      <symbol id="sm-a7c">
         <name>_ftable</name>
         <value>0x8001f88</value>
         <object_component_ref idref="oc-226"/>
      </symbol>
      <symbol id="sm-a7d">
         <name>__TI_ft_end</name>
         <value>0x800215c</value>
         <object_component_ref idref="oc-459"/>
      </symbol>
      <symbol id="sm-a92">
         <name>putc</name>
         <value>0xaa31</value>
         <object_component_ref idref="oc-2f7"/>
      </symbol>
      <symbol id="sm-a93">
         <name>fputc</name>
         <value>0xaa31</value>
         <object_component_ref idref="oc-2f7"/>
      </symbol>
      <symbol id="sm-ab1">
         <name>fputs</name>
         <value>0x9e9d</value>
         <object_component_ref idref="oc-2f0"/>
      </symbol>
      <symbol id="sm-ac0">
         <name>ltoa</name>
         <value>0xb13d</value>
         <object_component_ref idref="oc-330"/>
      </symbol>
      <symbol id="sm-ad0">
         <name>memccpy</name>
         <value>0xb6a5</value>
         <object_component_ref idref="oc-2c4"/>
      </symbol>
      <symbol id="sm-ae0">
         <name>memchr</name>
         <value>0xb685</value>
         <object_component_ref idref="oc-38e"/>
      </symbol>
      <symbol id="sm-af0">
         <name>strchr</name>
         <value>0xb6f1</value>
         <object_component_ref idref="oc-35d"/>
      </symbol>
      <symbol id="sm-afe">
         <name>strlen</name>
         <value>0xb707</value>
         <object_component_ref idref="oc-29a"/>
      </symbol>
      <symbol id="sm-b24">
         <name>_stream</name>
         <value>0x80020f0</value>
         <object_component_ref idref="oc-3e7"/>
      </symbol>
      <symbol id="sm-b25">
         <name>_device</name>
         <value>0x8002078</value>
         <object_component_ref idref="oc-427"/>
      </symbol>
      <symbol id="sm-b26">
         <name>write</name>
         <value>0xb65d</value>
         <object_component_ref idref="oc-39a"/>
      </symbol>
      <symbol id="sm-b44">
         <name>frexpl</name>
         <value>0xaca1</value>
         <object_component_ref idref="oc-351"/>
      </symbol>
      <symbol id="sm-b45">
         <name>frexp</name>
         <value>0xaca1</value>
         <object_component_ref idref="oc-351"/>
      </symbol>
      <symbol id="sm-b62">
         <name>scalbn</name>
         <value>0xa2c9</value>
         <object_component_ref idref="oc-357"/>
      </symbol>
      <symbol id="sm-b63">
         <name>scalbnl</name>
         <value>0xa2c9</value>
         <object_component_ref idref="oc-357"/>
      </symbol>
      <symbol id="sm-b64">
         <name>ldexpl</name>
         <value>0xa2c9</value>
         <object_component_ref idref="oc-357"/>
      </symbol>
      <symbol id="sm-b65">
         <name>ldexp</name>
         <value>0xa2c9</value>
         <object_component_ref idref="oc-357"/>
      </symbol>
      <symbol id="sm-b6f">
         <name>copysign</name>
         <value>0xb6c1</value>
         <object_component_ref idref="oc-3b9"/>
      </symbol>
      <symbol id="sm-b70">
         <name>copysignl</name>
         <value>0xb6c1</value>
         <object_component_ref idref="oc-3b9"/>
      </symbol>
      <symbol id="sm-b89">
         <name>wcslen</name>
         <value>0xb743</value>
         <object_component_ref idref="oc-2ca"/>
      </symbol>
      <symbol id="sm-ba5">
         <name>__aeabi_uldivmod</name>
         <value>0x90ec</value>
         <object_component_ref idref="oc-32a"/>
      </symbol>
      <symbol id="sm-bbb">
         <name>__aeabi_errno_addr</name>
         <value>0xb765</value>
         <object_component_ref idref="oc-2d0"/>
      </symbol>
      <symbol id="sm-bbc">
         <name>errno</name>
         <value>0x8002194</value>
         <object_component_ref idref="oc-36d"/>
      </symbol>
      <symbol id="sm-bd4">
         <name>__TI_wrt_ok</name>
         <value>0xaeb9</value>
         <object_component_ref idref="oc-388"/>
      </symbol>
      <symbol id="sm-be4">
         <name>__TI_doflush</name>
         <value>0xb231</value>
         <object_component_ref idref="oc-394"/>
      </symbol>
      <symbol id="sm-bf6">
         <name>fseek</name>
         <value>0xaf1d</value>
         <object_component_ref idref="oc-3d5"/>
      </symbol>
      <symbol id="sm-c06">
         <name>lseek</name>
         <value>0xb60d</value>
         <object_component_ref idref="oc-400"/>
      </symbol>
      <symbol id="sm-c22">
         <name>setvbuf</name>
         <value>0xa65d</value>
         <object_component_ref idref="oc-3db"/>
      </symbol>
      <symbol id="sm-c33">
         <name>HOSTclose</name>
         <value>0xb2c9</value>
         <object_component_ref idref="oc-465"/>
      </symbol>
      <symbol id="sm-c44">
         <name>HOSTlseek</name>
         <value>0xad81</value>
         <object_component_ref idref="oc-477"/>
      </symbol>
      <symbol id="sm-c56">
         <name>parmbuf</name>
         <value>0x8001f80</value>
      </symbol>
      <symbol id="sm-c57">
         <name>HOSTopen</name>
         <value>0xaf81</value>
         <object_component_ref idref="oc-45f"/>
      </symbol>
      <symbol id="sm-c68">
         <name>HOSTread</name>
         <value>0xafdd</value>
         <object_component_ref idref="oc-46b"/>
      </symbol>
      <symbol id="sm-c79">
         <name>HOSTrename</name>
         <value>0xade9</value>
         <object_component_ref idref="oc-483"/>
      </symbol>
      <symbol id="sm-c8a">
         <name>HOSTunlink</name>
         <value>0xb30d</value>
         <object_component_ref idref="oc-47d"/>
      </symbol>
      <symbol id="sm-c9b">
         <name>HOSTwrite</name>
         <value>0xb039</value>
         <object_component_ref idref="oc-471"/>
      </symbol>
      <symbol id="sm-cbf">
         <name>__TI_readmsg</name>
         <value>0xb579</value>
         <object_component_ref idref="oc-4a9"/>
      </symbol>
      <symbol id="sm-cc0">
         <name>C$$IO$$</name>
         <value>0xb48f</value>
         <object_component_ref idref="oc-4a3"/>
      </symbol>
      <symbol id="sm-cc1">
         <name>__CIOBUF_</name>
         <value>0x8001d00</value>
         <object_component_ref idref="oc-4d1"/>
      </symbol>
      <symbol id="sm-cc2">
         <name>__TI_writemsg</name>
         <value>0xb45d</value>
         <object_component_ref idref="oc-4a3"/>
      </symbol>
      <symbol id="sm-d3b">
         <name>_sys_memory</name>
         <value>0x8001500</value>
         <object_component_ref idref="oc-4b"/>
      </symbol>
      <symbol id="sm-d3c">
         <name>free</name>
         <value>0xa739</value>
         <object_component_ref idref="oc-408"/>
      </symbol>
      <symbol id="sm-d3d">
         <name>malloc</name>
         <value>0xabb5</value>
         <object_component_ref idref="oc-40e"/>
      </symbol>
      <symbol id="sm-d3e">
         <name>minit</name>
         <value>0xb4d5</value>
         <object_component_ref idref="oc-43c"/>
      </symbol>
      <symbol id="sm-d4e">
         <name>__TI_cleanup</name>
         <value>0xb545</value>
         <object_component_ref idref="oc-414"/>
      </symbol>
      <symbol id="sm-d5d">
         <name>strcpy</name>
         <value>0xb71d</value>
         <object_component_ref idref="oc-4bd"/>
      </symbol>
      <symbol id="sm-d72">
         <name>__TI_closefile</name>
         <value>0xac2d</value>
         <object_component_ref idref="oc-453"/>
      </symbol>
      <symbol id="sm-d95">
         <name>finddevice</name>
         <value>0xb5ad</value>
         <object_component_ref idref="oc-4ef"/>
      </symbol>
      <symbol id="sm-d96">
         <name>getdevice</name>
         <value>0xb3d9</value>
         <object_component_ref idref="oc-4c7"/>
      </symbol>
      <symbol id="sm-da6">
         <name>strcmp</name>
         <value>0xb6d9</value>
         <object_component_ref idref="oc-506"/>
      </symbol>
      <symbol id="sm-db6">
         <name>strncpy</name>
         <value>0xb50d</value>
         <object_component_ref idref="oc-4e9"/>
      </symbol>
      <symbol id="sm-dc6">
         <name>unlink</name>
         <value>0xb5e1</value>
         <object_component_ref idref="oc-498"/>
      </symbol>
      <symbol id="sm-dda">
         <name>close</name>
         <value>0xb091</value>
         <object_component_ref idref="oc-492"/>
      </symbol>
      <symbol id="sm-ddb">
         <name>__TI_static_base__</name>
         <value>0x0</value>
      </symbol>
      <symbol id="sm-dde">
         <name>SHT$$INIT_ARRAY$$Base</name>
         <value>0x0</value>
      </symbol>
      <symbol id="sm-ddf">
         <name>SHT$$INIT_ARRAY$$Limit</name>
         <value>0x0</value>
      </symbol>
      <symbol id="sm-de0">
         <name>_system_post_cinit</name>
         <value>0x0</value>
      </symbol>
      <symbol id="sm-de1">
         <name>remove</name>
         <value>0xb5e1</value>
      </symbol>
   </symbol_table>
   <title>Link successful</title>
</link_info>
